app/[locale]/page.tsx(363,30): error TS17008: JSX element 'motion.div' has no corresponding closing tag.
app/[locale]/page.tsx(528,47): error TS17002: Expected corresponding JSX closing tag for 'div'.
app/[locale]/page.tsx(536,16): error TS1005: ')' expected.
app/[locale]/page.tsx(537,13): error TS1128: Declaration or statement expected.
app/[locale]/page.tsx(612,13): error TS1128: Declaration or statement expected.
app/[locale]/page.tsx(613,9): error TS1109: Expression expected.
app/[locale]/page.tsx(614,5): error TS1109: Expression expected.
components/WhiteboardRenderer.tsx(286,13): error TS1128: Declaration or statement expected.
